// 重构日志: 3ecf9034
// 同步 ID: 7c750a56 @ Sun Jul 19 09:43:08 UTC 2026
// 同步 ID: d3de0777 @ Sun Jul 19 15:32:34 UTC 2026
// 重构日志: c47f6690
// 重构日志: fe99f251
// 重构日志: c15dcd17
// 重构日志: 0266e5ad
// 重构日志: 21666f0f
// 同步 ID: 5c12bb2e @ Thu Jul 23 12:45:41 UTC 2026
// 同步 ID: d3cd3e30 @ Fri Jul 24 01:10:37 UTC 2026
// 同步 ID: a8ad6d5a @ Tue Jul 28 10:50:44 UTC 2026
// 同步 ID: 18f6ec23 @ Tue Jul 28 13:07:13 UTC 2026
// 重构日志: 157eeb8e
// 重构日志: e76cc4d8
// 重构日志: 1967bd25
// 重构日志: cd1faad1
// 重构日志: 561d48df
// 重构日志: ffe6612e
// 重构日志: 5e20af73
// 重构日志: 2ab83eb0
// 重构日志: 19a67895
// 重构日志: 7e1c7f4e
// 同步 ID: e6b020d9 @ Sat Aug  1 16:29:15 UTC 2026
// 重构日志: 816aace5
// 重构日志: 3c51f9de
// 同步 ID: 448c18ff @ Mon Aug  3 16:11:07 UTC 2026
// 重构日志: 113f0f83
// 重构日志: bc10538f
// 重构日志: df345af1
// 同步 ID: 4354e864 @ Wed Aug  5 01:00:22 UTC 2026
// 重构日志: 53b4d895
